###############################################################################
#
# IAR ELF Linker V8.11.3.13950/W32 for ARM                23/Nov/2019  21:41:41
# Copyright 2007-2017 IAR Systems AB.
#
#    Output file  =  
#        C:\EE 474 Lab 5 Overclocked ADC start\Debug\Exe\Lab 1 main.out
#    Map file     =  
#        C:\EE 474 Lab 5 Overclocked ADC start\Debug\List\Lab 1 main.map
#    Command line =  
#        -f C:\Users\rikuos\AppData\Local\Temp\EW4B05.tmp ("C:\EE 474 Lab 5
#        Overclocked ADC start\Debug\Obj\cstartup_M.o" "C:\EE 474 Lab 5
#        Overclocked ADC start\Debug\Obj\main.o" -o "C:\EE 474 Lab 5
#        Overclocked ADC start\Debug\Exe\Lab 1 main.out" --redirect
#        _Printf=_PrintfFullNoMb --redirect _Scanf=_ScanfFullNoMb --map "C:\EE
#        474 Lab 5 Overclocked ADC start\Debug\List\Lab 1 main.map" --config
#        "C:\Program Files (x86)\IAR Systems\Embedded Workbench
#        8.0\arm\config\linker\TexasInstruments\TM4C123GH6.icf" --semihosting
#        --entry __iar_program_start --vfe --text_out locale)
#
###############################################################################

*******************************************************************************
*** RUNTIME MODEL ATTRIBUTES
***

CppFlavor       = *
__SystemLibrary = DLib
__dlib_version  = 6


*******************************************************************************
*** HEAP SELECTION
***

The basic heap was selected because some modules are built with
size limitations (and not runtime checking), and --advanced_heap
was not specified.


*******************************************************************************
*** PLACEMENT SUMMARY
***

"A0":  place at 0x00000000 { ro section .intvec };
"P1":  place in [from 0x00000000 to 0x0003ffff] { ro };
define block CSTACK with size = 4K, alignment = 8 { };
define block HEAP with size = 8K, alignment = 8 { };
"P2":  place in [from 0x20000000 to 0x20007fff] {
          rw, block CSTACK, block HEAP };

  Section          Kind        Address    Size  Object
  -------          ----        -------    ----  ------
"A0":                                     0xbc
  .intvec          const    0x00000000    0xbc  cstartup_M.o [1]
                          - 0x000000bc    0xbc

"P1":                                   0x21a8
  .text            ro code  0x000000bc   0xdd6  xprintffull_nomb.o [3]
  .text            ro code  0x00000e92    0x1a  xsnprout.o [3]
  .text            ro code  0x00000eac    0x16  strchr.o [5]
  .text            ro code  0x00000ec2     0x2  cstartup_M.o [1]
  .text            ro code  0x00000ec4    0x44  xfail_s.o [3]
  .text            ro code  0x00000f08    0x36  strlen.o [5]
  .text            ro code  0x00000f3e     0x2  cstartup_M.o [1]
  .text            ro code  0x00000f40    0x58  memchr.o [5]
  .text            ro code  0x00000f98    0xee  I64DivMod.o [5]
  .text            ro code  0x00001086     0x2  cstartup_M.o [1]
  .text            ro code  0x00001088   0x1a2  DblMul.o [4]
  .text            ro code  0x0000122a     0x2  cstartup_M.o [1]
  .text            ro code  0x0000122c    0x76  ABImemcpy_unaligned.o [5]
  .text            ro code  0x000012a2     0x2  cstartup_M.o [1]
  .text            ro code  0x000012a4    0x70  frexp.o [4]
  .text            ro code  0x00001314    0x2e  DblCmpLe.o [4]
  .text            ro code  0x00001342     0x2  cstartup_M.o [1]
  .text            ro code  0x00001344    0x2e  DblCmpGe.o [4]
  .text            ro code  0x00001372     0x2  cstartup_M.o [1]
  .text            ro code  0x00001374   0x13a  ldexp.o [4]
  .text            ro code  0x000014ae     0x2  cstartup_M.o [1]
  .text            ro code  0x000014b0    0x3a  DblToS32.o [4]
  .text            ro code  0x000014ea     0x2  cstartup_M.o [1]
  .text            ro code  0x000014ec    0x22  S32ToDbl.o [4]
  .text            ro code  0x0000150e     0x2  cstartup_M.o [1]
  .text            ro code  0x00001510    0xe2  DblSub.o [4]
  .text            ro code  0x000015f2     0x2  cstartup_M.o [1]
  .text            ro code  0x000015f4   0x246  DblDiv.o [4]
  .text            ro code  0x0000183c    0x28  DblToU32.o [4]
  .text            ro code  0x00001864    0x1a  U32ToDbl.o [4]
  .text            ro code  0x0000187e     0x6  abort.o [3]
  .text            ro code  0x00001884     0x2  I64DivZer.o [5]
  .text            ro code  0x00001888   0x168  DblAdd.o [4]
  .text            ro code  0x000019f0    0x14  exit.o [6]
  .text            ro code  0x00001a04   0x738  main.o [1]
  .text            ro code  0x0000213c    0x44  snprintf.o [3]
  .text            ro code  0x00002180    0x40  zero_init3.o [5]
  .text            ro code  0x000021c0    0x28  data_init.o [5]
  .text            ro code  0x000021e8    0x22  fpinit_M.o [4]
  .iar.init_table  const    0x0000220c    0x10  - Linker created -
  .text            ro code  0x0000221c    0x1a  cmain.o [5]
  .text            ro code  0x00002236     0x4  low_level_init.o [3]
  .text            ro code  0x0000223a     0x4  exit.o [3]
  .text            ro code  0x00002240     0xa  cexit.o [5]
  .text            ro code  0x0000224a    0x10  cstartup_M.o [1]
  .rodata          const    0x0000225c     0x8  main.o [1]
  .rodata          const    0x00002264     0x0  zero_init3.o [5]
                          - 0x00002264  0x21a8

"P2", part 1 of 2:                         0xc
  .bss             zero     0x20000000     0x8  main.o [1]
  .bss             zero     0x20000008     0x4  xfail_s.o [3]
                          - 0x2000000c     0xc

"P2", part 2 of 2:                      0x1000
  CSTACK                    0x20000010  0x1000  <Block>
    CSTACK         uninit   0x20000010  0x1000  <Block tail>
                          - 0x20001010  0x1000


*******************************************************************************
*** INIT TABLE
***

          Address     Size
          -------     ----
Zero (__iar_zero_init3)
    1 destination range, total size 0xc:
          0x20000000   0xc



*******************************************************************************
*** MODULE SUMMARY
***

    Module                 ro code  ro data  rw data
    ------                 -------  -------  -------
C:\EE 474 Lab 5 Overclocked ADC start\Debug\Obj: [1]
    cstartup_M.o                38      188
    main.o                   1 848        8        8
    ------------------------------------------------
    Total:                   1 886      196        8

command line: [2]
    ------------------------------------------------
    Total:

dl7M_tln.a: [3]
    abort.o                      6
    exit.o                       4
    low_level_init.o             4
    snprintf.o                  68
    xfail_s.o                   68                 4
    xprintffull_nomb.o       3 542
    xsnprout.o                  26
    ------------------------------------------------
    Total:                   3 718                 4

m7M_tls.a: [4]
    DblAdd.o                   360
    DblCmpGe.o                  46
    DblCmpLe.o                  46
    DblDiv.o                   582
    DblMul.o                   418
    DblSub.o                   226
    DblToS32.o                  58
    DblToU32.o                  40
    S32ToDbl.o                  34
    U32ToDbl.o                  26
    fpinit_M.o                  34
    frexp.o                    112
    ldexp.o                    314
    ------------------------------------------------
    Total:                   2 296

rt7M_tl.a: [5]
    ABImemcpy_unaligned.o      118
    I64DivMod.o                238
    I64DivZer.o                  2
    cexit.o                     10
    cmain.o                     26
    data_init.o                 40
    memchr.o                    88
    strchr.o                    22
    strlen.o                    54
    zero_init3.o                64
    ------------------------------------------------
    Total:                     662

shb_l.a: [6]
    exit.o                      20
    ------------------------------------------------
    Total:                      20

    Gaps                         6        4
    Linker created                       16    4 096
----------------------------------------------------
    Grand Total:             8 588      216    4 108


*******************************************************************************
*** ENTRY LIST
***

Entry                      Address   Size  Type      Object
-----                      -------   ----  ----      ------
.iar.init_table$$Base   0x0000220c          --   Gb  - Linker created -
.iar.init_table$$Limit  0x0000221c          --   Gb  - Linker created -
?main                   0x0000221d         Code  Gb  cmain.o [5]
ADC_Analog_Init         0x00001b91   0xb0  Code  Gb  main.o [1]
ADC_SS3_Handler         0x00002025   0x3e  Code  Gb  main.o [1]
ADC_interrupt_clear     0x00001e19   0x12  Code  Gb  main.o [1]
ADC_interrupt_enable    0x00001e2b   0x22  Code  Gb  main.o [1]
CSTACK$$Base            0x20000010          --   Gb  - Linker created -
CSTACK$$Limit           0x20001010          --   Gb  - Linker created -
GPIO_b4_analog          0x00001a05   0x6a  Code  Gb  main.o [1]
LoadInt                 0x0000025b   0x7a  Code  Lc  xprintffull_nomb.o [3]
PLL_Init                0x00001c41   0x82  Code  Gb  main.o [1]
Port_F_Handler          0x00002069   0x5e  Code  Gb  main.o [1]
Region$$Table$$Base     0x0000220c          --   Gb  - Linker created -
Region$$Table$$Limit    0x0000221c          --   Gb  - Linker created -
UART_Init               0x00001a6f   0xec  Code  Gb  main.o [1]
UART_Print              0x00001b5b   0x36  Code  Gb  main.o [1]
_GenldFullNoMb          0x00000bbf  0x248  Code  Lc  xprintffull_nomb.o [3]
_LdtobFullNoMb          0x000007a3  0x3f0  Code  Lc  xprintffull_nomb.o [3]
_LitobFullNoMb          0x00000647  0x116  Code  Lc  xprintffull_nomb.o [3]
_PrintfFullNoMb         0x000000bd  0x190  Code  Gb  xprintffull_nomb.o [3]
_PutcharsFullNoMb       0x00000e07   0x2e  Code  Lc  xprintffull_nomb.o [3]
_PutfldFullNoMb         0x000002d5  0x264  Code  Lc  xprintffull_nomb.o [3]
_PuttxtFullNoMb         0x00000539  0x10e  Code  Lc  xprintffull_nomb.o [3]
_SNProut                0x00000e93   0x1a  Code  Gb  xsnprout.o [3]
__aeabi_cdcmple         0x00001315         Code  Gb  DblCmpLe.o [4]
__aeabi_cdrcmple        0x00001345         Code  Gb  DblCmpGe.o [4]
__aeabi_d2iz            0x000014b1         Code  Gb  DblToS32.o [4]
__aeabi_d2uiz           0x0000183d         Code  Gb  DblToU32.o [4]
__aeabi_ddiv            0x000015f5         Code  Gb  DblDiv.o [4]
__aeabi_dmul            0x00001089         Code  Gb  DblMul.o [4]
__aeabi_dsub            0x00001511         Code  Gb  DblSub.o [4]
__aeabi_i2d             0x000014ed         Code  Gb  S32ToDbl.o [4]
__aeabi_ldiv0           0x00001885         Code  Gb  I64DivZer.o [5]
__aeabi_ui2d            0x00001865         Code  Gb  U32ToDbl.o [4]
__aeabi_uldivmod        0x00000f99         Code  Gb  I64DivMod.o [5]
__cmain                 0x0000221d         Code  Gb  cmain.o [5]
__exit                  0x000019f1   0x14  Code  Gb  exit.o [6]
__iar_Fail_s            0x00000ec5   0x1e  Code  Gb  xfail_s.o [3]
__iar_Memchr            0x00000f41         Code  Gb  memchr.o [5]
__iar_Strchr            0x00000ead         Code  Gb  strchr.o [5]
__iar_dadd              0x00001521         Code  Gb  DblSub.o [4]
__iar_data_init3        0x000021c1   0x28  Code  Gb  data_init.o [5]
__iar_dsub              0x00001889         Code  Gb  DblAdd.o [4]
__iar_dsubStart         0x0000189b         Code  Gb  DblAdd.o [4]
__iar_frexp             0x000012b1         Code  Gb  frexp.o [4]
__iar_frexpl            0x000012b1         Code  Gb  frexp.o [4]
__iar_init_vfp          0x000021e9         Code  Gb  fpinit_M.o [4]
__iar_ldexp64           0x00001375         Code  Gb  ldexp.o [4]
__iar_program_start     0x0000224b   0x10  Code  Gb  cstartup_M.o [1]
__iar_scalbln64         0x00001375         Code  Gb  ldexp.o [4]
__iar_scalbn64          0x00001375         Code  Gb  ldexp.o [4]
__iar_softfp___iar_frexp64
                        0x000012a5         Code  Gb  frexp.o [4]
__iar_softfp_frexp      0x000012a5         Code  Gb  frexp.o [4]
__iar_softfp_frexpl     0x000012a5         Code  Gb  frexp.o [4]
__iar_systems$$module {Abs}
                        0x00000001         Data  Gb  command line/config [2]
__iar_unaligned_memcpy  0x0000122d         Code  Gb  ABImemcpy_unaligned.o [5]
__iar_unaligned_memcpy4
                        0x0000124d         Code  Gb  ABImemcpy_unaligned.o [5]
__iar_unaligned_memcpy8
                        0x0000124d         Code  Gb  ABImemcpy_unaligned.o [5]
__iar_zero_init3        0x00002181   0x40  Code  Gb  zero_init3.o [5]
__low_level_init        0x00002237    0x4  Code  Gb  low_level_init.o [3]
__vector_table          0x00000000   0xbc  Data  Gb  cstartup_M.o [1]
_call_main              0x00002229         Code  Gb  cmain.o [5]
_exit                   0x00002241         Code  Gb  cexit.o [5]
_main                   0x00002233         Code  Gb  cmain.o [5]
abort                   0x0000187f    0x6  Code  Gb  abort.o [3]
exit                    0x0000223b    0x4  Code  Gb  exit.o [3]
fast_timer_start        0x00001d89   0x90  Code  Gb  main.o [1]
ldexp                   0x00001375         Code  Gb  ldexp.o [4]
ldexpl                  0x00001375         Code  Gb  ldexp.o [4]
main                    0x00001fe9   0x2e  Code  Gb  main.o [1]
memchr                  0x00000f41         Code  Gb  memchr.o [5]
onboard_led_start       0x00001f15   0x42  Code  Gb  main.o [1]
onboard_switches_interrupt_enable
                        0x00001e4d   0x72  Code  Gb  main.o [1]
port_f_clear_interrupt  0x00001ebf   0x12  Code  Gb  main.o [1]
reset_clk               0x00001cc3   0x22  Code  Gb  main.o [1]
scalbln                 0x00001375         Code  Gb  ldexp.o [4]
scalblnl                0x00001375         Code  Gb  ldexp.o [4]
scalbn                  0x00001375         Code  Gb  ldexp.o [4]
scalbnl                 0x00001375         Code  Gb  ldexp.o [4]
scale                   0x0000075d   0x46  Code  Lc  xprintffull_nomb.o [3]
sec_hand                0x20000008    0x4  Data  Lc  xfail_s.o [3]
set_clk_80MHz           0x00001ce5   0x92  Code  Gb  main.o [1]
snprintf                0x0000213d   0x44  Code  Gb  snprintf.o [3]
strchr                  0x00000ead         Code  Gb  strchr.o [5]
strlen                  0x00000f09         Code  Gb  strlen.o [5]
switch_control_set      0x00001f79   0x4c  Code  Gb  main.o [1]
temp                    0x20000000    0x8  Data  Gb  main.o [1]
timer_off               0x00001d77   0x12  Code  Gb  main.o [1]


[1] = C:\EE 474 Lab 5 Overclocked ADC start\Debug\Obj
[2] = command line
[3] = dl7M_tln.a
[4] = m7M_tls.a
[5] = rt7M_tl.a
[6] = shb_l.a

  8 588 bytes of readonly  code memory
    216 bytes of readonly  data memory
  4 108 bytes of readwrite data memory

Errors: none
Warnings: none
